[INFO] Scanning for projects...
[INFO] 
[INFO] ----------------------< com.news:publish-center >-----------------------
[INFO] Building news-publish-center 0.0.1-SNAPSHOT
[INFO]   from pom.xml
[INFO] --------------------------------[ jar ]---------------------------------
[INFO] 
[INFO] --- clean:3.3.2:clean (default-clean) @ publish-center ---
[INFO] Deleting E:\java-Project\新闻发布程序\java-work\target
[INFO] 
[INFO] --- resources:3.3.1:resources (default-resources) @ publish-center ---
[INFO] Copying 1 resource from src\main\resources to target\classes
[INFO] Copying 1 resource from src\main\resources to target\classes
[INFO] 
[INFO] --- compiler:3.11.0:compile (default-compile) @ publish-center ---
[INFO] Changes detected - recompiling the module! :source
[INFO] Compiling 40 source files with javac [debug release 17] to target\classes
[INFO] ------------------------------------------------------------------------
[INFO] BUILD SUCCESS
[INFO] ------------------------------------------------------------------------
[INFO] Total time:  3.026 s
[INFO] Finished at: 2026-02-22T16:18:16+08:00
[INFO] ------------------------------------------------------------------------
